{'v1': ['edge_probes.py', 'model_check.py'], 'v2': ['edge_probes.py', 'encoding_probes.py', 'model_check.py']}
F00 control missed missed
F01 G-01 caught caught
F02 G-02/G-13 missed missed
F03 G-03 caught caught
F04 G-04 missed missed
F05 G-04 caught missed
F06 G-05 missed missed
F07 G-05 caught caught
F08 G-06 caught caught
F09 G-07 caught caught
F10 G-08 missed caught
F11 G-09 caught caught
F12 G-20 caught caught
F13 G-14 caught caught
F14 G-17 caught caught
F15 G-20 caught caught
F16 G-21 caught caught
F17 G-25 caught caught
F18 G-11 caught caught
F19 G-18 missed missed
F20 G-10 caught caught
F21 G-27 caught caught
F22 G-22 caught caught
F23 G-23 caught caught
F24 G-16 caught caught
F25 G-03 caught caught
F26 G-35 caught caught
F27 G-37 caught caught
F28 G-26 missed missed
F29 G-37 caught caught
F30 G-37 caught caught
F31 G-13 missed missed
F32 G-12 missed missed
F33 G-15 caught caught
F34 G-05 caught caught
F35 G-20 caught caught
F36 G-33 caught caught
F37 G-22 caught caught
